/
/
Jest
Snapshot
v1
https
:
/
/
goo
.
gl
/
fbAQLP
exports
[
Message
component
renders
the
expected
snapshot
for
ERROR
level
1
]
=
<
aside
className
=
"
message
message
-
-
level
-
error
qa
-
message
some
-
classname
-
3
"
tabIndex
=
{
null
}
>
<
img
className
=
"
message__icon
"
data
-
l10n
-
id
=
"
about
-
debugging
-
message
-
error
-
icon
"
src
=
"
chrome
:
/
/
devtools
/
skin
/
images
/
aboutdebugging
-
error
.
svg
"
/
>
<
div
className
=
"
message__body
"
>
<
div
>
Message
content
<
/
div
>
<
/
div
>
<
/
aside
>
;
exports
[
Message
component
renders
the
expected
snapshot
for
INFO
level
1
]
=
<
aside
className
=
"
message
message
-
-
level
-
info
qa
-
message
some
-
classname
-
1
"
tabIndex
=
{
null
}
>
<
img
className
=
"
message__icon
"
data
-
l10n
-
id
=
"
about
-
debugging
-
message
-
info
-
icon
"
src
=
"
chrome
:
/
/
devtools
/
skin
/
images
/
aboutdebugging
-
information
.
svg
"
/
>
<
div
className
=
"
message__body
"
>
<
div
>
Message
content
<
/
div
>
<
/
div
>
<
/
aside
>
;
exports
[
Message
component
renders
the
expected
snapshot
for
WARNING
level
1
]
=
<
aside
className
=
"
message
message
-
-
level
-
warning
qa
-
message
some
-
classname
-
2
"
tabIndex
=
{
null
}
>
<
img
className
=
"
message__icon
"
data
-
l10n
-
id
=
"
about
-
debugging
-
message
-
warning
-
icon
"
src
=
"
chrome
:
/
/
devtools
/
skin
/
images
/
alert
.
svg
"
/
>
<
div
className
=
"
message__body
"
>
<
div
>
Message
content
<
/
div
>
<
/
div
>
<
/
aside
>
;
exports
[
Message
component
renders
with
closing
button
renders
the
expected
snapshot
for
Message
with
closing
button
1
]
=
<
aside
className
=
"
message
message
-
-
level
-
info
qa
-
message
some
-
classname
-
1
"
tabIndex
=
{
null
}
>
<
img
className
=
"
message__icon
"
data
-
l10n
-
id
=
"
about
-
debugging
-
message
-
info
-
icon
"
src
=
"
chrome
:
/
/
devtools
/
skin
/
images
/
aboutdebugging
-
information
.
svg
"
/
>
<
div
className
=
"
message__body
"
>
<
div
>
Message
content
<
/
div
>
<
/
div
>
<
moz
-
button
class
=
"
message__button
message__button
-
-
info
qa
-
message
-
button
-
close
-
button
"
data
-
l10n
-
id
=
"
about
-
debugging
-
message
-
close
-
icon2
"
iconsrc
=
"
chrome
:
/
/
devtools
/
skin
/
images
/
close
.
svg
"
onClick
=
{
[
Function
]
}
type
=
"
icon
ghost
"
/
>
<
/
aside
>
;
